// Jest Snapshot v1, https://goo.gl/fbAQLP

exports[`renders properly 1`] = `
<a
  className=""
  href="/"
  onClick={[Function]}
>
  <span
    className="logo__letter logo__letter--1"
  >
    W
  </span>
  <span
    className="logo__letter logo__letter--2"
  >
    T
  </span>
  <span
    className="logo__letter logo__letter--3"
  >
    W
  </span>
</a>
`;
