// Jest Snapshot v1, https://goo.gl/fbAQLP

exports[`render correctly CustomLink componen 1`] = `
<button
  className="test_class"
  id="test_button"
  onClick={[Function]}
>
  Test
</button>
`;
