// Jest Snapshot v1, https://goo.gl/fbAQLP

exports[`renders property 1`] = `
<form
  action="#"
  onSubmit={[Function]}
/>
`;
