// Jest Snapshot v1, https://goo.gl/fbAQLP

exports[`render correctly MovieCard component 1`] = `
<article
  className="small-movie-card catalog__movies-card"
  onMouseEnter={[Function]}
  onMouseLeave={[Function]}
>
  <a
    href="/film/1"
    onClick={[Function]}
  >
    <div
      className="small-movie-card__image"
    />
  </a>
  <h3
    className="small-movie-card__title"
  >
    <a
      className="small-movie-card__link"
      href="/film/1"
      onClick={[Function]}
    >
      The Grand Budapest Hotel
    </a>
  </h3>
</article>
`;
