// Jest Snapshot v1, https://goo.gl/fbAQLP

exports[`render correctly withVideo hoc 1`] = `
<div>
  <video
    height="175"
    muted={true}
    poster=""
    width="280"
  />
</div>
`;
